[www.seanhalpin.design/index.html]
[backblue.gif]
[fade.gif]
[index.html]
[www.seanhalpin.design/images/fonts/biotif.woff2]
[www.seanhalpin.design/images/fonts/bogart.woff2]
[www.seanhalpin.design/css/main.css]
[www.seanhalpin.design/feed.xml]
[www.seanhalpin.design/favicon-96x96.png]
[www.seanhalpin.design/favicon-32x32.png]
[www.seanhalpin.design/favicon-16x16.png]
[www.seanhalpin.design/safari-pinned-tab.svg]
[www.seanhalpin.design/images/meta.png]
[www.seanhalpin.design/about/index.html]
[www.seanhalpin.design/wip/index.html]
[www.seanhalpin.design/images/info/avatar.png]
[www.seanhalpin.design/work/help-scout/index.html]
[ajax.googleapis.com/ajax/libs/jquery/3.5.1/jquery.min.js]
[www.seanhalpin.design/work/shape/index.html]
[www.seanhalpin.design/work/browso/index.html]
[cdn.jsdelivr.net/npm/animejs@3.0.1/lib/anime.min.js]
[cdn.jsdelivr.net/npm/vanilla-lazyload@17.1.2/dist/lazyload.min.js]
[www.seanhalpin.design/work/custoji/index.html]
[www.seanhalpin.design/index.html]
[www.seanhalpin.design/js/scripts.js]
[www.seanhalpin.design/work/figma/index.html]
[www.seanhalpin.design/work/jeffsum/index.html]
[www.seanhalpin.design/images/fonts/biotif.woff]
[www.seanhalpin.design/images/fonts/bogart-med.woff2]
[www.seanhalpin.design/images/fonts/bogart-med.woff]
[www.seanhalpin.design/images/nav/lash.svg]
[www.seanhalpin.design/images/hp/editor.png]
[www.seanhalpin.design/images/nav/lash-white.svg]
[www.seanhalpin.design/css/main.css]
[www.seanhalpin.design/feed.html]
[www.seanhalpin.design/safari-pinned-tab.html]
[www.seanhalpin.design/images/info/reading/reading__01@2x.png]
[www.seanhalpin.design/images/info/reading/reading__02@2x.png]
[www.seanhalpin.design/images/info/reading/reading__03@2x.png]
[www.seanhalpin.design/about/index.html]
[www.seanhalpin.design/images/timeline/thought.svg]
[www.seanhalpin.design/images/timeline/like.svg]
[www.seanhalpin.design/images/timeline/sean.svg]
[www.seanhalpin.design/images/timeline/codewithme.png]
[www.seanhalpin.design/images/timeline/codewithme.mp4]
[www.seanhalpin.design/images/timeline/bookmark.svg]
[www.seanhalpin.design/images/timeline/music.svg]
[www.seanhalpin.design/images/timeline/code.svg]
[www.seanhalpin.design/wip/index.html]
[www.seanhalpin.design/images/work/hs/hs-shot--old.png]
[www.seanhalpin.design/images/work/hs/hs-shot--new.png]
[www.seanhalpin.design/hs/hs__wire-1.jpg]
[www.seanhalpin.design/hs/hs__wire-3.jpg]
[www.seanhalpin.design/images/work/hs/hs__wire-4.mp4]
[www.seanhalpin.design/hs/hs__wire-2.jpg]
[www.seanhalpin.design/images/work/hs/hs__mock--1.mp4]
[www.seanhalpin.design/hs/hs__mock--2.jpg]
[www.seanhalpin.design/images/work/hs/hs__mock--3.mp4]
[www.seanhalpin.design/images/work/hs/hs-sdk--06.png]
[www.seanhalpin.design/images/work/hs/hs-sdk--05.png]
[www.seanhalpin.design/images/work/hs/hs-sdk--04.png]
[www.seanhalpin.design/images/work/hs/hs-sdk--03.png]
[www.seanhalpin.design/images/work/hs/hs-sdk--02.png]
[www.seanhalpin.design/images/work/hs/hs-sdk--01.png]
[www.seanhalpin.design/images/work/hs/animator.png]
[www.seanhalpin.design/images/work/hs/animator.mp4]
[www.seanhalpin.design/work/help-scout/index.html]
[www.seanhalpin.design/images/work/shape/shape-header__1.png]
[www.seanhalpin.design/images/work/shape/shape-header__2.png]
[www.seanhalpin.design/images/work/shape/shape-video__2.png]
[www.seanhalpin.design/images/work/shape/shape-video__2.mp4]
[www.seanhalpin.design/images/work/shape/shape-video__1.png]
[www.seanhalpin.design/images/work/shape/shape-video__1.mp4]
[www.seanhalpin.design/images/work/shape/shape-video__3.png]
[www.seanhalpin.design/images/work/shape/shape-video__3.mp4]
[www.seanhalpin.design/work/shape/index.html]
[www.seanhalpin.design/images/work/browso/browso-header__1.png]
[www.seanhalpin.design/images/work/browso/browso-header__2.png]
[www.seanhalpin.design/images/work/browso/browso-header__3.png]
[www.seanhalpin.design/images/work/browso/browso-video__1.png]
[www.seanhalpin.design/images/work/browso/browso-video__1.mp4]
[www.seanhalpin.design/images/work/browso/browso-shot__01.png]
[www.seanhalpin.design/images/work/browso/browso-shot__02.png]
[www.seanhalpin.design/images/work/browso/browso-shot__03.png]
[www.seanhalpin.design/images/work/browso/browso-shot__04.png]
[www.seanhalpin.design/images/work/browso/browso__components--05.png]
[www.seanhalpin.design/images/work/browso/browso__components--04.png]
[www.seanhalpin.design/images/work/browso/browso__components--01.png]
[www.seanhalpin.design/images/work/browso/browso__components--03.png]
[www.seanhalpin.design/images/work/browso/browso__components--02.png]
[www.seanhalpin.design/work/browso/index.html]
[www.seanhalpin.design/images/work/custoji/custoji__header@2x.png]
[www.seanhalpin.design/images/work/shape/custoji-video__1.png]
[www.seanhalpin.design/images/work/custoji/custoji-video__1.mp4]
[www.seanhalpin.design/images/work/custoji/custoji__sample--01@2x.png]
[www.seanhalpin.design/images/work/custoji/custoji__sample--02@2x.png]
[www.seanhalpin.design/images/work/custoji/custoji__sample--03@2x.png]
[www.seanhalpin.design/images/work/custoji/custoji__sample--04@2x.png]
[www.seanhalpin.design/images/work/custoji/custoji__sample--05@2x.png]
[www.seanhalpin.design/images/work/custoji/custoji__sample--06@2x.png]
[www.seanhalpin.design/work/custoji/index.html]
[www.seanhalpin.design/images/work/figma/figma-header__1.png]
[www.seanhalpin.design/images/work/figma/figma-header__2.png]
[www.seanhalpin.design/images/work/figma/figma-header__3.png]
[www.seanhalpin.design/images/work/figma/figma-content--wirebox@2x.png]
[www.seanhalpin.design/images/work/figma/figma-content--cs@2x.png]
[www.seanhalpin.design/images/work/figma/figma-content--figchat@2x.png]
[www.seanhalpin.design/work/figma/index.html]
[www.seanhalpin.design/images/work/jeffsum/jeffsum-header__01@2x.png]
[www.seanhalpin.design/images/work/jeffsum/jeffsum-header__02@2x.png]
[www.seanhalpin.design/images/work/jeffsum/jeffsum-content__01@2x.png]
[www.seanhalpin.design/work/jeffsum/index.html]
[www.seanhalpin.design/images/nav/eye.svg]
[www.seanhalpin.design/images/nav/lash.svg]
[www.seanhalpin.design/images/nav/eye-white.svg]
[www.seanhalpin.design/images/nav/lash-white.svg]
[www.seanhalpin.design/images/timeline/thought.svg]
[www.seanhalpin.design/images/timeline/like.svg]
[www.seanhalpin.design/images/timeline/sean.svg]
[www.seanhalpin.design/images/timeline/bookmark.svg]
[www.seanhalpin.design/images/timeline/music.svg]
[www.seanhalpin.design/images/timeline/code.svg]
[www.seanhalpin.design/hs/hs__wire-1.html]
[www.seanhalpin.design/hs/hs__wire-3.html]
[www.seanhalpin.design/hs/hs__wire-2.html]
[www.seanhalpin.design/hs/hs__mock--2.html]
[www.seanhalpin.design/images/work/shape/custoji-video__1.html]
[platform.twitter.com/widgets.js]
